and you are just you are sending you are sending information into one river and it's flowing down there and you can only see it if you are looking at that river and if you know you are  you put information in another river or another  a pipe and it flows in there that's that's all that is it's just three different way that you can look at data
